#-----------------------------------------------------------
# Webtalk v2016.2 (64-bit)
# SW Build 1577090 on Thu Jun  2 16:32:40 MDT 2016
# IP Build 1577682 on Fri Jun  3 12:00:54 MDT 2016
# Start of session at: Mon Nov 13 20:29:15 2017
# Process ID: 1452
# Current directory: C:/Users/NicholasKimball/Documents/School/Senior/CPE439/QuadSLAM/Custom_IP/pwm_generator/pwm_generator.sim/sim_1/behav
# Command line: wbtcv.exe -mode batch -source C:/Users/NicholasKimball/Documents/School/Senior/CPE439/QuadSLAM/Custom_IP/pwm_generator/pwm_generator.sim/sim_1/behav/xsim.dir/pwm_gen_submodule_sim_behav/webtalk/xsim_webtalk.tcl -notrace
# Log file: C:/Users/NicholasKimball/Documents/School/Senior/CPE439/QuadSLAM/Custom_IP/pwm_generator/pwm_generator.sim/sim_1/behav/webtalk.log
# Journal file: C:/Users/NicholasKimball/Documents/School/Senior/CPE439/QuadSLAM/Custom_IP/pwm_generator/pwm_generator.sim/sim_1/behav\webtalk.jou
#-----------------------------------------------------------
source C:/Users/NicholasKimball/Documents/School/Senior/CPE439/QuadSLAM/Custom_IP/pwm_generator/pwm_generator.sim/sim_1/behav/xsim.dir/pwm_gen_submodule_sim_behav/webtalk/xsim_webtalk.tcl -notrace
